[    1780ms] [ERROR] Failed to load resource: the server responded with a status of 500 (Internal Server Error) @ http://localhost:3000/:0
[    2033ms] Error: Invalid Base64-URL character "." at position 1372
    at stringFromBase64URL (file:///Users/admin/Desktop/expense-management-web/.next/dev/server/chunks/node_modules_0pcb9-_._.js:12138:19)
    at Object.getItem (file:///Users/admin/Desktop/expense-management-web/.next/dev/server/chunks/node_modules_0pcb9-_._.js:12609:228)
    at async getItemAsync (file:///Users/admin/Desktop/expense-management-web/.next/dev/server/chunks/node_modules_@supabase_auth-js_dist_module_0vj9rfk._.js:585:19)
    at async SupabaseAuthClient.__loadSession (file:///Users/admin/Desktop/expense-management-web/.next/dev/server/chunks/node_modules_@supabase_auth-js_dist_module_0vj9rfk._.js:4516:34)
    at async SupabaseAuthClient._useSession (file:///Users/admin/Desktop/expense-management-web/.next/dev/server/chunks/node_modules_@supabase_auth-js_dist_module_0vj9rfk._.js:4499:28)
    at async SupabaseAuthClient._getUser (file:///Users/admin/Desktop/expense-management-web/.next/dev/server/chunks/node_modules_@supabase_auth-js_dist_module_0vj9rfk._.js:4616:20)
    at async (file:///Users/admin/Desktop/expense-management-web/.next/dev/server/chunks/node_modules_@supabase_auth-js_dist_module_0vj9rfk._.js:4600:20)
    at async (file:///Users/admin/Desktop/expense-management-web/.next/dev/server/chunks/node_modules_@supabase_auth-js_dist_module_0vj9rfk._.js:4448:28)
[  590099ms] [ERROR] Failed to load resource: the server responded with a status of 500 (Internal Server Error) @ http://localhost:3000/:0
[  590281ms] Error: Invalid Base64-URL character "." at position 1372
    at stringFromBase64URL (file:///Users/admin/Desktop/expense-management-web/.next/dev/server/chunks/node_modules_0pcb9-_._.js:12138:19)
    at Object.getItem (file:///Users/admin/Desktop/expense-management-web/.next/dev/server/chunks/node_modules_0pcb9-_._.js:12609:228)
    at async getItemAsync (file:///Users/admin/Desktop/expense-management-web/.next/dev/server/chunks/node_modules_@supabase_auth-js_dist_module_0vj9rfk._.js:585:19)
    at async SupabaseAuthClient.__loadSession (file:///Users/admin/Desktop/expense-management-web/.next/dev/server/chunks/node_modules_@supabase_auth-js_dist_module_0vj9rfk._.js:4516:34)
    at async SupabaseAuthClient._useSession (file:///Users/admin/Desktop/expense-management-web/.next/dev/server/chunks/node_modules_@supabase_auth-js_dist_module_0vj9rfk._.js:4499:28)
    at async SupabaseAuthClient._getUser (file:///Users/admin/Desktop/expense-management-web/.next/dev/server/chunks/node_modules_@supabase_auth-js_dist_module_0vj9rfk._.js:4616:20)
    at async (file:///Users/admin/Desktop/expense-management-web/.next/dev/server/chunks/node_modules_@supabase_auth-js_dist_module_0vj9rfk._.js:4600:20)
    at async (file:///Users/admin/Desktop/expense-management-web/.next/dev/server/chunks/node_modules_@supabase_auth-js_dist_module_0vj9rfk._.js:4448:28)
[ 1117886ms] [ERROR] Failed to load resource: the server responded with a status of 500 (Internal Server Error) @ http://localhost:3000/:0
[ 1118037ms] Error: Invalid Base64-URL character "." at position 1372
    at stringFromBase64URL (file:///Users/admin/Desktop/expense-management-web/.next/dev/server/chunks/node_modules_0pcb9-_._.js:12138:19)
    at Object.getItem (file:///Users/admin/Desktop/expense-management-web/.next/dev/server/chunks/node_modules_0pcb9-_._.js:12609:228)
    at async getItemAsync (file:///Users/admin/Desktop/expense-management-web/.next/dev/server/chunks/node_modules_@supabase_auth-js_dist_module_0vj9rfk._.js:585:19)
    at async SupabaseAuthClient.__loadSession (file:///Users/admin/Desktop/expense-management-web/.next/dev/server/chunks/node_modules_@supabase_auth-js_dist_module_0vj9rfk._.js:4516:34)
    at async SupabaseAuthClient._useSession (file:///Users/admin/Desktop/expense-management-web/.next/dev/server/chunks/node_modules_@supabase_auth-js_dist_module_0vj9rfk._.js:4499:28)
    at async SupabaseAuthClient._getUser (file:///Users/admin/Desktop/expense-management-web/.next/dev/server/chunks/node_modules_@supabase_auth-js_dist_module_0vj9rfk._.js:4616:20)
    at async (file:///Users/admin/Desktop/expense-management-web/.next/dev/server/chunks/node_modules_@supabase_auth-js_dist_module_0vj9rfk._.js:4600:20)
    at async (file:///Users/admin/Desktop/expense-management-web/.next/dev/server/chunks/node_modules_@supabase_auth-js_dist_module_0vj9rfk._.js:4448:28)
